	[TestClass] my match: asdf
	[TestClass] my uwu match: OWO: at: 7
	[TestClass] cant find dwo
	[TestClass] matched something: : asdf
	[TestClass] matched something: : qwer
	[TestClass] matched something: : zxcv
	[TestClass] matched something: : whoami
	[TestClass] matched something: : lol
